
> ecommerce-backend@1.0.0 test
> jest --detectOpenHandles --forceExit

  console.log
    ­ƒÜÇ Iniciando servidor E-commerce Backend...

      at log (server.js:251:13)

  console.log
    ­ƒôí Conectando a MySQL...

      at log (server.js:256:13)

  console.log
    Ô£à Conexi├│n a MySQL establecida correctamente.

      at log (config/database.js:97:13)

  console.log
    
    ­ƒôè Sincronizando modelos con la base de datos...

      at log (server.js:267:13)

  console.log
    ­ƒöù Asociaciones entre modelos establecidas correctamente

      at log (models/index.js:288:11)

  console.log
    ­ƒöä Base de datos sincronizada (tablas alteradas seg├║n modelos).

      at log (config/database.js:128:15)

  console.log
    
    ­ƒî▒ Ejecutando seeders...

      at log (seeders/adminSeeder.js:30:13)

  console.log
    
    ­ƒî▒ ========================================

      at log (seeders/datosCompletos.seeder.js:28:13)

  console.log
       INICIANDO SEEDER DE DATOS COMPLETOS

      at log (seeders/datosCompletos.seeder.js:29:13)

  console.log
    ========================================

      at log (seeders/datosCompletos.seeder.js:30:13)

  console.log
    ­ƒæÑ 1. CREANDO USUARIOS...

      at log (seeders/datosCompletos.seeder.js:35:13)

  console.log
    Ô£à Administrador ya existe

      at log (seeders/datosCompletos.seeder.js:54:15)

  console.log
    Ô£à Auxiliar ya existe

      at log (seeders/datosCompletos.seeder.js:74:15)

  console.log
    ­ƒæñ Creando 5 clientes...

      at log (seeders/datosCompletos.seeder.js:78:13)

  console.log
    
    Ô£à Total: 8 usuarios en la base de datos

      at log (seeders/datosCompletos.seeder.js:98:13)

  console.log
    ­ƒôü 2. CREANDO CATEGOR├ìAS...

      at log (seeders/datosCompletos.seeder.js:103:13)

  console.log
    ÔÜá´©Å  Ya existen categor├¡as en la base de datos.

      at log (seeders/datosCompletos.seeder.js:108:15)

  console.log
    
    ­ƒÄë ========================================

      at log (seeders/datosCompletos.seeder.js:354:13)

  console.log
       SEEDER COMPLETADO EXITOSAMENTE

      at log (seeders/datosCompletos.seeder.js:355:13)

  console.log
    ========================================

      at log (seeders/datosCompletos.seeder.js:356:13)

  console.log
    ­ƒôè RESUMEN:

      at log (seeders/datosCompletos.seeder.js:363:13)

  console.log
       ­ƒæÑ Usuarios: 8

      at log (seeders/datosCompletos.seeder.js:364:13)

  console.log
       ­ƒôü Categor├¡as: 36

      at log (seeders/datosCompletos.seeder.js:365:13)

  console.log
       ­ƒôé Subcategor├¡as: 18

      at log (seeders/datosCompletos.seeder.js:366:13)

  console.log
       ­ƒôª Productos: 4

      at log (seeders/datosCompletos.seeder.js:367:13)

  console.log
    ­ƒöæ CREDENCIALES DE ACCESO:

      at log (seeders/datosCompletos.seeder.js:369:13)

  console.log
       ­ƒæ¿ÔÇì­ƒÆ╝ ADMINISTRADOR

      at log (seeders/datosCompletos.seeder.js:370:13)

  console.log
          Email: admin@ecommerce.com

      at log (seeders/datosCompletos.seeder.js:371:13)

  console.log
          Password: admin1234

      at log (seeders/datosCompletos.seeder.js:372:13)

  console.log
       ­ƒæñ AUXILIAR

      at log (seeders/datosCompletos.seeder.js:373:13)

  console.log
          Email: auxiliar@ecommerce.com

      at log (seeders/datosCompletos.seeder.js:374:13)

  console.log
          Password: aux123

      at log (seeders/datosCompletos.seeder.js:375:13)

  console.log
       ­ƒøì´©Å  CLIENTES (5)

      at log (seeders/datosCompletos.seeder.js:376:13)

  console.log
          Email: cliente1@ecommerce.com - Password: cliente1

      at log (seeders/datosCompletos.seeder.js:377:13)

  console.log
          Email: cliente2@ecommerce.com - Password: cliente2

      at log (seeders/datosCompletos.seeder.js:378:13)

  console.log
          Email: cliente3@ecommerce.com - Password: cliente3

      at log (seeders/datosCompletos.seeder.js:379:13)

  console.log
          Email: cliente4@ecommerce.com - Password: cliente4

      at log (seeders/datosCompletos.seeder.js:380:13)

  console.log
          Email: cliente5@ecommerce.com - Password: cliente5

      at log (seeders/datosCompletos.seeder.js:381:13)

  console.log
    ========================================

      at log (seeders/datosCompletos.seeder.js:383:13)

  console.log
    
    Ô£à Seeders ejecutados correctamente

      at log (seeders/adminSeeder.js:35:13)

  console.log
    
    ÔòöÔòÉÔòÉÔòÉÔòÉÔòÉÔòÉÔòÉÔòÉÔòÉÔòÉÔòÉÔòÉÔòÉÔòÉÔòÉÔòÉÔòÉÔòÉÔòÉÔòÉÔòÉÔòÉÔòÉÔòÉÔòÉÔòÉÔòÉÔòÉÔòÉÔòÉÔòÉÔòÉÔòÉÔòÉÔòÉÔòÉÔòÉÔòÉÔòÉÔòÉÔòÉÔòÉÔòÉÔòÉÔòÉÔòÉÔòÉÔòÉÔòù

      at Server.log (server.js:300:15)

  console.log
    Ôòæ  Ô£à Servidor corriendo en puerto 5000          Ôòæ

      at Server.log (server.js:301:15)

  console.log
    Ôòæ  ­ƒîÉ URL: http://localhost:5000                Ôòæ

      at Server.log (server.js:302:15)

  console.log
    Ôòæ  ­ƒôÜ Documentaci├│n API: http://localhost:5000  Ôòæ

      at Server.log (server.js:303:15)

  console.log
    Ôòæ  ­ƒùä´©Å  Base de datos: ecommerce_db        Ôòæ

      at Server.log (server.js:304:15)

  console.log
    Ôòæ  ­ƒöº Modo: test                     Ôòæ

      at Server.log (server.js:305:15)

  console.log
    ÔòÜÔòÉÔòÉÔòÉÔòÉÔòÉÔòÉÔòÉÔòÉÔòÉÔòÉÔòÉÔòÉÔòÉÔòÉÔòÉÔòÉÔòÉÔòÉÔòÉÔòÉÔòÉÔòÉÔòÉÔòÉÔòÉÔòÉÔòÉÔòÉÔòÉÔòÉÔòÉÔòÉÔòÉÔòÉÔòÉÔòÉÔòÉÔòÉÔòÉÔòÉÔòÉÔòÉÔòÉÔòÉÔòÉÔòÉÔòÉÔòÉÔòØ

      at Server.log (server.js:306:15)

  console.log
    ­ƒôØ Servidor listo para recibir peticiones...

      at Server.log (server.js:307:15)

node.exe : (node:6608) Warning: `--localstorage-file` was provided without a 
valid path
En línea: 1 Carácter: 1
+ & "C:\Program Files\nodejs/node.exe" "C:\Program Files\nodejs/node_mo ...
+ ~~~~~~~~~~~~~~~~~~~~~~~~~~~~~~~~~~~~~~~~~~~~~~~~~~~~~~~~~~~~~~~~~~~~~
    + CategoryInfo          : NotSpecified: ((node:6608) War...ut a valid path 
   :String) [], RemoteException
    + FullyQualifiedErrorId : NativeCommandError
 
(Use `node --trace-warnings ...` to show where the warning was created)
FAIL tests/api.test.js
  ­ƒº¬ TESTS DE API E-COMMERCE
    1´©ÅÔâú  AUTENTICACI├ôN
      ├ù Ô£à Debe registrar un nuevo cliente (66 ms)
      ÔêÜ Ô£à Debe hacer login como administrador (126 ms)
      ÔêÜ Ô£à Debe hacer login como auxiliar (130 ms)
      ÔêÜ Ô£à Debe hacer login como cliente (108 ms)
      ÔêÜ ÔØî No debe hacer login con credenciales incorrectas (24 ms)
      ÔêÜ Ô£à Debe obtener el perfil del usuario autenticado (25 ms)
    2´©ÅÔâú  ADMIN - CATEGOR├ìAS
      ÔêÜ Ô£à Admin debe listar todas las categor├¡as (36 ms)
      ÔêÜ Ô£à Admin debe crear una categor├¡a (30 ms)
      ÔêÜ Ô£à Auxiliar debe poder crear una categor├¡a (25 ms)
      ÔêÜ Ô£à Admin debe obtener una categor├¡a por ID (51 ms)
      ÔêÜ Ô£à Admin debe actualizar una categor├¡a (277 ms)
      ÔêÜ ÔØî Cliente no debe poder crear categor├¡a (33 ms)
    3´©ÅÔâú  ADMIN - SUBCATEGOR├ìAS
      ÔêÜ Ô£à Admin debe listar todas las subcategor├¡as (23 ms)
      ÔêÜ Ô£à Admin debe crear una subcategor├¡a (32 ms)
    4´©ÅÔâú  ADMIN - PRODUCTOS
      ÔêÜ Ô£à Admin debe listar todos los productos (26 ms)
      ÔêÜ Ô£à Admin debe obtener un producto por ID (32 ms)
      ÔêÜ Ô£à Admin debe actualizar un producto (49 ms)
    5´©ÅÔâú  ADMIN - USUARIOS
      ÔêÜ Ô£à Admin debe listar todos los usuarios (32 ms)
      ÔêÜ Ô£à Admin debe obtener un usuario por ID (15 ms)
      ÔêÜ ÔØî Auxiliar NO debe poder crear usuarios (13 ms)
      ÔêÜ ÔØî Auxiliar NO debe poder actualizar usuarios (14 ms)
    6´©ÅÔâú  CLIENTE - CAT├üLOGO
      ÔêÜ Ô£à Cliente debe ver todas las categor├¡as (74 ms)
      ÔêÜ Ô£à Cliente debe ver subcategor├¡as por categor├¡a (35 ms)
      ÔêÜ Ô£à Cliente debe ver todos los productos (17 ms)
      ÔêÜ Ô£à Cliente debe ver un producto espec├¡fico (15 ms)
    7´©ÅÔâú  CLIENTE - CARRITO
      ÔêÜ Ô£à Cliente debe agregar producto al carrito (84 ms)
      ÔêÜ Ô£à Cliente debe ver su carrito (18 ms)
    8´©ÅÔâú  CLIENTE - PEDIDOS
      ÔêÜ Ô£à Cliente debe crear un pedido desde el carrito (53 ms)
      ÔêÜ Ô£à Cliente debe ver sus pedidos (69 ms)
      ÔêÜ Ô£à Cliente debe ver un pedido espec├¡fico (17 ms)
    9´©ÅÔâú  ADMIN - GESTI├ôN DE PEDIDOS
      ÔêÜ Ô£à Admin debe obtener un pedido por ID (40 ms)
    ­ƒöÆ PERMISOS Y RESTRICCIONES
      ÔêÜ ÔØî Auxiliar NO debe poder eliminar categor├¡as (11 ms)
      ÔêÜ ÔØî Auxiliar NO debe poder eliminar subcategor├¡as (15 ms)
      ÔêÜ ÔØî Auxiliar NO debe poder eliminar productos (18 ms)
      ÔêÜ ÔØî Auxiliar NO debe poder eliminar usuarios (13 ms)
      ÔêÜ ÔØî Cliente no debe acceder a rutas de admin (12 ms)
      ÔêÜ ÔØî No autenticado no debe acceder a rutas protegidas (9 ms)
    ­ƒùæ´©Å  LIMPIEZA - ELIMINACIONES
      ÔêÜ Ô£à Admin debe eliminar producto (20 ms)
      ÔêÜ Ô£à Admin debe eliminar subcategor├¡a (73 ms)
      ÔêÜ Ô£à Admin debe eliminar categor├¡a (51 ms)

  ÔùÅ ƒº¬ TESTS DE API E-COMMERCE ÔÇ║ 1´©ÅÔâú  AUTENTICACI├ôN ÔÇ║ Ô£à Debe 
registrar un nuevo cliente

    expect(received).toBe(expected) // Object.is equality

    Expected: 201
    Received: 400

    [0m [90m 44 |[39m         })[33m;[39m
     [90m 45 |[39m       
    [31m[1m>[22m[39m[90m 46 |[39m       
expect(response[33m.[39mstatus)[33m.[39mtoBe([35m201[39m)[33m;[39m
     [90m    |[39m                               [31m[1m^[22m[39m
     [90m 47 |[39m       expect(response[33m.[39mbody)[33m.[39mtoHaveProp
erty([32m'data'[39m)[33m;[39m
     [90m 48 |[39m       expect(response[33m.[39mbody[33m.[39mdata)[33m.
[39mtoHaveProperty([32m'token'[39m)[33m;[39m
     [90m 49 |[39m       expect(response[33m.[39mbody[33m.[39mdata[33m.
[39musuario)[33m.[39mtoHaveProperty([32m'email'[39m[33m,[39m 
[32m'test@test.com'[39m)[33m;[39m[0m

      at Object.toBe (tests/api.test.js:46:31)

-----------------------------|---------|----------|---------|---------|---------------------------------------------------------------------------------------------------------------------------
File                         | % Stmts | % Branch | % Funcs | % Lines | Uncovered Line #s                                                                                                         
-----------------------------|---------|----------|---------|---------|---------------------------------------------------------------------------------------------------------------------------
All files                    |   43.36 |    29.16 |   46.57 |   44.62 |                                                                                                                           
 controllers                 |   39.67 |    29.58 |   48.43 |   41.02 |                                                                                                                           
  auth.controller.js         |   32.95 |    23.52 |      60 |   34.93 | 47-122,146,174,188,216-217,248,263-264,283-324,343-399                                                                    
  carrito.controller.js      |   40.25 |    26.08 |   57.14 |   40.25 | 93-94,117,127,139,147,165-190,201,235-236,252-314,329-359,374-393                                                         
  catalogo.controller.js     |   59.21 |    48.14 |   85.71 |    62.5 | 72,80-84,92-99,151-152,196,211-212,270-271,297,344-345,361-400                                                            
  categoria.controller.js    |      50 |    40.47 |      50 |   49.55 | 44,49,69-70,108,130-131,152,166,189-201,225,238,265-276,293-339,363,376,390,407-408,424-506                               
  pedido.controller.js       |   49.67 |    50.98 |      50 |   50.66 | 68-69,77-78,88-89,110-111,128-129,134-137,146-147,234,242-244,311-312,372,387-388,406-473,539-540,556-606,621-677         
  producto.controller.js     |      36 |    29.03 |   44.44 |   37.19 | 62-65,112-113,150,165-166,191,200,206,215,221,235-306,331,339-341,351-362,371,377,386-395,428-448,463-491,507-530,549-631 
  subcategoria.controller.js |   30.53 |    20.96 |      30 |      32 | 48,53,73-74,89-132,153,163,171,184,217-228,243-334,351-387,408,421,437-438,453-525                                        
  usuario.controller.js      |   22.11 |    10.71 |      25 |   23.95 | 36-39,74-75,98,112-113,129-194,210-254,270-305,320-350,365-395                                                            
 middleware                  |   33.98 |       25 |   33.33 |   33.98 |                                                                                                                           
  auth.js                    |    40.9 |    31.25 |      50 |    40.9 | 56,70,85,94,111-112,135-181                                                                                               
  checkRole.js               |   28.81 |    21.42 |   28.57 |   28.81 | 28-52,70-92,117-142,161-193,214,231-232,254,271-272                                                                       
 routes                      |     100 |      100 |     100 |     100 |                                                                                                                           
  admin.routes.js            |     100 |      100 |     100 |     100 |                                                                                                                           
  auth.routes.js             |     100 |      100 |     100 |     100 |                                                                                                                           
  cliente.routes.js          |     100 |      100 |     100 |     100 |                                                                                                                           
-----------------------------|---------|----------|---------|---------|---------------------------------------------------------------------------------------------------------------------------
Test Suites: 1 failed, 1 total
Tests:       1 failed, 39 passed, 40 total
Snapshots:   0 total
Time:        4.15 s
Ran all test suites.
